BEFORE all: total=22126 miss=2143 cov=90.31%
Processing 47 firm files; workers=20

== coatue (60 missing) ==
  filled 1/60
    + Gantry: At Gantry, Inc., our team of commercial real estate finance and lending experts offer fund… [clearbit:site_meta:gantryinc.com]

== boxgroup (27 missing) ==
  filled 0/27

== hustlefund (180 missing) ==
  filled 0/180

== generalcatalyst (80 missing) ==
  filled 0/80

== norwest (65 missing) ==
  filled 0/65

== svangel (9 missing) ==
  filled 1/9
    + Figma: Figma is the canvas where design, code, and AI come together. From first idea to shipped p… [clearbit:site_meta:figma.com]

== m12 (18 missing) ==
  filled 0/18

== entreecapital (19 missing) ==
  filled 0/19

== resoluteventures (26 missing) ==
  filled 1/26
    + MOSHN: Live city intelligence: heat, forecasts, rankings, and one recommendation that fits your n… [clearbit:site_meta:moshn.ai]

== titaniumventures (23 missing) ==
  filled 0/23

== signalfire (8 missing) ==
  filled 0/8

== meritech (5 missing) ==
  filled 0/5

== capitalg (2 missing) ==
  filled 0/2

== whitestarcapital (6 missing) ==
  filled 0/6

== blockchaincapital (20 missing) ==
  filled 0/20

== greatoaksventurecapital (21 missing) ==
  filled 0/21

== a16z (20 missing) ==
  filled 0/20

== gv (628 missing) ==
  filled 254/628
    + Affinia Therapeutics: Affinia Therapeutics is expanding what's possible in adeno-associated virus (AAV) gene the… [clearbit:site_meta:affiniatx.com]
    + Accent Therapeutics: Accent is pioneering a new class of small molecule precision cancer therapies that target … [clearbit:site_meta:accenttx.com]

== slowventures (318 missing) ==
  filled 96/318
    + 15Five: 15Five is the performance management platform that creates effective managers, highly enga… [clearbit:site_meta:15five.com]
    + Akido Labs: Akido is the first AI native healthcare system that anticipates needs, responds with preci… [clearbit:site_meta:akidolabs.com]

== ribbit (148 missing) ==
  filled 62/148
    + Ajaib: Mulai investasi online dengan Ajaib. Platform investasi terpercaya yang aman, sudah berizi… [clearbit:site_meta:ajaib.co.id]
    + BharatPe: Accept digital payments with BharatPe UPI QR Code. Know more about BharatPe QR, Card Swipe… [clearbit:site_meta:bharatpe.com]

== uncork (150 missing) ==
  filled 48/150
    + About.me: Create a free, one-page website in minutes with about.me. Showcase your work, links, and s… [clearbit:site_meta:about.me]
    + Accredible: Accredible is the world's leading digital credential platform offering digital badges and … [clearbit:site_meta:accredible.com]

== earlybird (112 missing) ==
  filled 24/112
    + Celus: From requirement to design. CELUS agents capture what you need, search millions of compone… [clearbit:site_meta:celus.io]
    + ConxAI: Automate the high-stakes, knowledge-intensive workflows currently trapped in fragmented to… [clearbit:site_meta:conxai.com]

== reachcapital (116 missing) ==
  filled 49/116
    + Goodbill: Automatically capture savings throughout the entire care journey — from provider search to… [clearbit:site_meta:goodbill.com]
    + Dropback: Dropback is the AI workspace for cutting-edge college Front Offices. Deploy your own AI ac… [clearbit:site_meta:dropback.com]

== dragoneer (18 missing) ==
  filled 10/18
    + Point Click Care: Transform care coordination and outcomes with AI-powered healthcare software that improves… [clearbit:site_meta:pointclickcare.com]
    + Core Specialty: Core Specialty offers a diversified range of property, casualty, and marine insurance prod… [clearbit:site_meta:corespecialty.com]

== bullpencapital (1 missing) ==
  filled 0/1

== canaan (4 missing) ==
  filled 0/4

== floodgate (2 missing) ==
  filled 0/2

== foundrygroup (4 missing) ==
  filled 0/4

== greylock (1 missing) ==
  filled 0/1

== index (3 missing) ==
  filled 0/3

== insight (1 missing) ==
  filled 1/1
    + Skilljar: Skilljar's purpose-built platform has all the tools to onboard, engage and retain customer… [site_meta:skilljar.com]

== iriscapital (1 missing) ==
  filled 0/1

== matrixpartners (1 missing) ==
  filled 1/1
    + Nubis: Power and density limits are slowing AI infrastructure growth. Discover architectures that… [site_meta:ciena.com]

== mosaicventures (4 missing) ==
  filled 2/4
    + Team: Discover the team behind Mosaic Ventures, featuring industry-leading partners and advisors… [site_meta:mosaicventures.com]
    + Alibaba: Find quality Manufacturers, Suppliers, Exporters, Importers, Buyers, Wholesalers, Products… [site_meta:alibaba.com]

== mucker (2 missing) ==
  filled 1/2
    + Mucker Capital: Map multiple locations, get transit/walking/driving directions, view live traffic conditio… [site_meta:bing.com]

== notioncapital (2 missing) ==
  filled 1/2
    + Figment: Institutional staking made simple. Earn optimized rewards, reduce risk, and stake across 4… [clearbit:site_meta:figment.io]

== parkway (14 missing) ==
  filled 3/14
    + Accolade: Accolade helps members access personalized healthcare, expert guidance, and benefits suppo… [clearbit:site_meta:accolade.com]
    + Verity: Unlock your leadership potential with Verity International’s tailored leadership training … [clearbit:site_meta:verityintl.com]

== projecta (1 missing) ==
  filled 0/1

== propelventurepartners (2 missing) ==
  filled 0/2

== rre (1 missing) ==
  filled 0/1

== sapphire (2 missing) ==
  filled 0/2

== serenaventures (1 missing) ==
  filled 0/1

== targetglobal (1 missing) ==
  filled 0/1

== threshold (1 missing) ==
  filled 0/1

== trueventures (10 missing) ==
  filled 0/10

== venrock (1 missing) ==
  filled 0/1

== wingvc (2 missing) ==
  filled 2/2
    + Jasper: Scale faster, operate smarter and more cost effectively, and protect your network effortle… [site_meta:cisco.com]
    + NetScaler: See why the world’s largest companies prefer NetScaler for application delivery and securi… [clearbit:site_meta:netscaler.com]

AFTER all: total=22126 miss=1586 cov=92.83%
Filled: 557
Wrote /workspace/vc-comp-me/artifacts/fill_descriptions_web_report.json
