BEFORE all: total=22126 miss=1742 cov=92.13%
Processing 8 firm files; workers=20

== gv (443 missing) ==
  filled 80/443
    + Ambition: Drive revenue predictability through structured coaching, AI-powered revenue insights, and… [clearbit:site_meta:ambition.com]
    + Alkira: Build and secure cloud networks globally in minutes without hardware or complexity.… [clearbit:site_meta:alkira.com]

== slowventures (244 missing) ==
  filled 29/244
    + Blanket: Automate the early steps of Sales Development + invest your time further down the funnel… [clearbit:site_meta:blanket.ai]
    + Bloom Credit: Transforming the financial ecosystem with fairer, faster, smarter credit through trusted d… [clearbit:site_meta:bloomcredit.io]

== ribbit (100 missing) ==
  filled 17/100
    + Balance: Trusted by the world’s leading companies… [clearbit:site_meta:getbalance.com]
    + Crossmint: All-in-one stablecoin infrastructure for enterprises. Wallets, payments, onramps, orchestr… [clearbit:site_meta:crossmint.com]

== uncork (116 missing) ==
  filled 21/116
    + Aizon: Improve yield, reduce deviations, and ensure product quality in GxP pharmaceutical manufac… [clearbit:site_meta:aizon.ai]
    + Duckbill: The real world doesn't have an API. We built one. Phone calls, payments, errands, and serv… [clearbit:site_meta:getduckbill.com]

== earlybird (95 missing) ==
  filled 12/95
    + ConxAI: Automate the high-stakes, knowledge-intensive workflows currently trapped in fragmented to… [clearbit:site_meta:conxai.com]
    + Edyoucated: Use our skills management software to create a common language for skills, close skill gap… [clearbit:site_meta:edyoucated.org]

== reachcapital (85 missing) ==
  filled 22/85
    + Goodbill: Automatically capture savings throughout the entire care journey — from provider search to… [clearbit:site_meta:goodbill.com]
    + GPTZero: The World's #1 AI Content Detector with over 17 Million Users… [clearbit:site_meta:gptzero.me]

== dragoneer (9 missing) ==
  filled 1/9
    + Point Click Care: Transform care coordination and outcomes with AI-powered healthcare software that improves… [clearbit:site_meta:pointclickcare.com]

== parkway (12 missing) ==
  filled 4/12
    + Centivo: Primary-care-centered self-funded health plans for employers of 50–3,000. Save ~15-30% vs.… [clearbit:site_meta:centivo.com]
    + Verity: Unlock your leadership potential with Verity International’s tailored leadership training … [clearbit:site_meta:verityintl.com]

AFTER all: total=22126 miss=1556 cov=92.97%
Filled: 186
Wrote /workspace/vc-comp-me/artifacts/fill_descriptions_web_report.json
