BEFORE all: total=22126 miss=2313 cov=89.55%
Processing 128 firm files; workers=16

== coatue (66 missing) ==
  filled 4/66
    + Little Freddie: Discover our award-winning organic baby food made with real ingredients and no nasties. Nu… [site_meta:littlefreddie.com]
    + Universal Hydrogen: American hydrogen aviation company… [wikidata:Q116994271]

== boxgroup (28 missing) ==
  filled 1/28
    + Things: Things, Inc. is an award winning startup creating software that promotes collaborative cre… [site_meta:things.inc]

== hustlefund (194 missing) ==
  filled 1/194
    + Lounge: British lingerie and fashion company… [wikidata:Q136463536]

== generalcatalyst (81 missing) ==
  filled 1/81
    + Super Evil: Super Evil Megacorp is an award-winning independent game studio building shared gaming exp… [site_meta:superevilmegacorp.com]

== norwest (70 missing) ==
  filled 5/70
    + Aisera: Aisera enables businesses to deliver transformative work experiences, boost employee produ… [site_meta:aisera.com]
    + Karat: The trusted standard for technical interview and screening services. Expert evaluation, gl… [site_meta:karat.com]

== svangel (18 missing) ==
  filled 9/18
    + Flock Safety: American video surveillance company… [wikidata:Q108485435:P856]
    + Flexport: US internet-based freight forwarding company… [wikidata:Q23016856:P856]

== m12 (19 missing) ==
  filled 1/19
    + inVia Robotics: Increase productivity 5x with inVia’s patented, award-winning Goods-to-Person warehouse au… [site_meta:inviarobotics.com]

== entreecapital (19 missing) ==
  filled 0/19

== resoluteventures (26 missing) ==
  filled 0/26

== titaniumventures (23 missing) ==
  filled 0/23

== signalfire (8 missing) ==
  filled 0/8

== meritech (5 missing) ==
  filled 0/5

== capitalg (2 missing) ==
  filled 0/2

== whitestarcapital (6 missing) ==
  filled 0/6

== blockchaincapital (20 missing) ==
  filled 0/20

== greatoaksventurecapital (21 missing) ==
  filled 0/21

== a16z (20 missing) ==
  filled 0/20

== gv (635 missing) ==
  filled 7/635
    + Armadin: American AI cybersecurity company… [wikidata:Q141393670]
    + HomeLight: website for finding real estate agents in the United States… [wikidata:Q47130436]

== slowventures (326 missing) ==
  filled 8/326
    + Amplitude: American public developer of analytics software… [wikidata:Q81969219]
    + Artsy: online platform designed to connect collectors to art… [wikidata:Q4796642]

== ribbit (153 missing) ==
  filled 5/153
    + Chainalysis: American blockchain analysis company… [wikidata:Q111939618]
    + Coinbase: American company that operates a cryptocurrency exchange platform… [wikidata:Q16972754]

== uncork (154 missing) ==
  filled 5/154
    + BrightRoll: American global digital video advertising company… [wikidata:Q4967361]
    + DNAnexus: American DNA sequence data analysis company… [wikidata:Q5205777]

== earlybird (118 missing) ==
  filled 6/118
    + Aleph Alpha: German artificial intelligence company… [wikidata:Q123368857]
    + Aiven: Finnish cloud technology company… [wikidata:Q126372818]

== reachcapital (116 missing) ==
  filled 1/116
    + Springboard: US business incubator formed by Cambridge-based company Red Gate Software… [wikidata:Q7580804]

== dragoneer (29 missing) ==
  filled 11/29
    + Clearwater Analytics: financial technology company… [wikidata:Q17509919]
    + DoorDash: American food delivery company… [wikidata:Q20714323]

== 8vc (5 missing) ==
  filled 5/5
    + Fabrion: Transform complex industrial value chains with AI. Fabrion accelerates AI adoption across … [site_meta:fabrion.com]
    + Saris: Automate lending, compliance, and operations with Saris AI. 300% productivity increase, 9.… [site_meta:saris.ai]

== bessemer (11 missing) ==
  filled 9/11
    + Sixfold AI: AI underwriting solution for P&C and life & health insurers. Automate underwriting decisio… [site_meta:sixfold.ai]
    + US Health Partners, LLC: We are a national network of clinicians dedicated to advancing the field of cardiovascular… [site_meta:ushphealth.com]

== bullpencapital (1 missing) ==
  filled 0/1

== canaan (13 missing) ==
  filled 9/13
    + Archipelago: Archipelago helps you overcome challenges you experience in working with traditional sprea… [site_meta:onarchipelago.com]
    + Novee Security: Novee delivers AI penetration testing to find vulnerabilities faster, validate defenses, a… [site_meta:novee.security]

== floodgate (11 missing) ==
  filled 9/11
    + ReadyOn: ReadyOn is an intelligent labor operating system for hiring, scheduling, and managing a fl… [site_meta:readyon.ai]
    + Neptune: Neptune helps couples navigate prenups, estate planning, and finances together. Start with… [site_meta:meetneptune.com]

== foundrygroup (5 missing) ==
  filled 1/5
    + Whoop: Optimize sleep, strain, and recovery with WHOOP, the most advanced health and fitness wear… [site_meta:whoop.com]

== greylock (1 missing) ==
  filled 0/1

== homebrew (5 missing) ==
  filled 5/5
    + Plaid: Plaid helps all companies build fintech solutions by making it easy, safe and reliable for… [site_meta:plaid.com]
    + Chime: America’s #1 Choice for Banking® · Fee-free banking + early access to your pay · 5% cash b… [site_meta:chime.com]

== iconiq (2 missing) ==
  filled 2/2
    + Apprentice: The AI-native platform for manufacturing teams. MES, LES, digital work instructions, and a… [site_meta:apprentice.io]
    + Monzo: The home for everything you need to know about using Monzo.… [site_meta:monzo.com]

== index (17 missing) ==
  filled 14/17
    + Garner Health: Reduce healthcare costs, improve employee engagement, and bring value based care into your… [site_meta:garnerhealth.com]
    + Adfin: The only platform to automate payment collection end-to-end. Eliminate manual work, reduce… [site_meta:adfin.com]

== iriscapital (12 missing) ==
  filled 11/12
    + Mailjet: Design, deliver, and automate marketing & transactional emails together with built-in deli… [site_meta:mailjet.com]
    + Careem: Careem is âthe everything appâ for the region, making it easier than ever to move arou… [site_meta:careem.com]

== matrixpartners (2 missing) ==
  filled 2/2
    + Aluna: Aluna's award-winning portable spirometer and app let you measure FEV1 and PEF, track symp… [site_meta:alunacare.com]
    + Nubis: Power and density limits are slowing AI infrastructure growth. Discover architectures that… [site_meta:ciena.com]

== mosaicventures (7 missing) ==
  filled 5/7
    + Parloa: Parloa is the AI agent management platform for enterprise CX. Build, test, and scale voice… [site_meta:parloa.com]
    + Team: Discover the team behind Mosaic Ventures, featuring industry-leading partners and advisors… [site_meta:mosaicventures.com]

== mubadalacapital (1 missing) ==
  filled 1/1
    + HiveMQ: Turn industrial data into operational intelligence with HiveMQ. Connect, contextualize, an… [site_meta:hivemq.com]

== mucker (4 missing) ==
  filled 3/4
    + LoudCrowd: Creator marketing platform powered by AI agents and the world… [site_meta:loudcrowd.com]
    + CarePilot: CarePilot turns visit audio into notes, codes, orders, and inbox actions, then writes the … [site_meta:carepilot.com]

== notioncapital (2 missing) ==
  filled 0/2

== parkway (15 missing) ==
  filled 2/15
    + Mobileye: company that develops advanced driver assistance systems… [wikidata:Q2901365]
    + Compass: Credit institution that offers online loans, personal financing, and other financial produ… [wikidata:Q21190078]

== projecta (1 missing) ==
  filled 0/1

== propelventurepartners (4 missing) ==
  filled 2/4
    + Coinbase: Coinbase is a secure online platform for buying, selling, transferring, and storing crypto… [site_meta:coinbase.com]
    + Safebooks: Enterprise finance automation with auditable AI agents. Close books, reconcile systems, va… [site_meta:safebooks.ai]

== rre (1 missing) ==
  filled 0/1

== sapphire (5 missing) ==
  filled 3/5
    + Phoenix Labs: Our worlds empower players to share enduring stories like never before.… [site_meta:phxlabs.ca]
    + Tonal: Transform your workouts with Tonal, the leader in smart home gym equipment. Get AI-powered… [site_meta:tonal.com]

== serenaventures (1 missing) ==
  filled 0/1

== targetglobal (4 missing) ==
  filled 3/4
    + Cobee: Cobee by Pluxee es la plataforma multibeneficios para empleados de Pluxee, el líder del me… [site_meta:cobee.io]
    + Sennder: We are your digital road freight logistics partner when it comes to Full Truck Loads (FTL)… [site_meta:sennder.com]

== threshold (3 missing) ==
  filled 2/3
    + Videa: Transform your dental organization with VideaAI — the leading AI dental assistant for DSOs… [site_meta:videa.ai]
    + Numa: Numa is the AI Operating System for Car Dealerships. 1,300+ rooftops run on Numa to answer… [site_meta:numa.com]

== trueventures (19 missing) ==
  filled 9/19
    + WordPress: Create your site. Share your voice. Earn online.… [site_meta:wordpress.com]
    + Academia.edu: Academia.edu is the platform to share, find, and explore 65 Million research papers. Join … [site_meta:academia.edu]

== venrock (1 missing) ==
  filled 0/1

== wingvc (3 missing) ==
  filled 2/3
    + Bespoke Labs: Bespoke Labs optimizes AI agents using cutting-edge research on data curation and evolutio… [site_meta:bespokelabs.ai]
    + Jasper: Scale faster, operate smarter and more cost effectively, and protect your network effortle… [site_meta:cisco.com]

AFTER all: total=22126 miss=2149 cov=90.29%
Filled: 164
Wrote /workspace/vc-comp-me/artifacts/fill_descriptions_web_report.json
