BEFORE all: total=22126 miss=2159 cov=90.24%
Processing 128 firm files; workers=12

== coatue (62 missing) ==
  filled 3/62
    + Gorillas: Gorillas.io was a rapid grocery delivery app offering everyday essentials in minutes via a… [clearbit:site_meta:gorillas.io]
    + Gantry: At Gantry, Inc., our team of commercial real estate finance and lending experts offer fund… [clearbit:site_meta:gantryinc.com]

== boxgroup (27 missing) ==
  filled 0/27

== hustlefund (194 missing) ==
  filled 20/194
    + Capway: Thank You for Supporting CapWay We want to express our heartfelt gratitude to everyone who… [clearbit:site_meta:capway.com]
    + Basis: collaborative research network for the study of infants at-risk for autism in the UK… [wikidata:Q56151804]

== generalcatalyst (80 missing) ==
  filled 0/80

== norwest (65 missing) ==
  filled 0/65

== svangel (9 missing) ==
  filled 2/9
    + Figma: Figma is the canvas where design, code, and AI come together. From first idea to shipped p… [clearbit:site_meta:figma.com]
    + SSI: Công ty CP chứng khoán SSI chế tài chính hàng đầu Việt Nam, hoạt động trên các lĩnh vực ch… [clearbit:site_meta:ssi.com.vn]

== m12 (18 missing) ==
  filled 0/18

== entreecapital (19 missing) ==
  filled 0/19

== resoluteventures (26 missing) ==
  filled 1/26
    + MOSHN: Live city intelligence: heat, forecasts, rankings, and one recommendation that fits your n… [clearbit:site_meta:moshn.ai]

== titaniumventures (23 missing) ==
  filled 0/23

== signalfire (8 missing) ==
  filled 0/8

== meritech (5 missing) ==
  filled 0/5

== capitalg (2 missing) ==
  filled 0/2

== whitestarcapital (6 missing) ==
  filled 0/6

== blockchaincapital (20 missing) ==
  filled 0/20

== greatoaksventurecapital (21 missing) ==
  filled 0/21

== a16z (20 missing) ==
  filled 0/20

== gv (628 missing) ==
