BEFORE all: total=22126 miss=1560 cov=92.95%
Processing 38 firm files; workers=24

== coatue (61 missing) ==
  filled 1/61
    + Hopin: Run engaging webinar and event experiences that reflect your brand, build community, and c… [clearbit:site_meta:hopin.com]

== boxgroup (28 missing) ==
  filled 1/28
    + Airbase: Paylocity, a leader in cloud-based HR and payroll software solutions, has completed its ac… [site_meta:airbase.com]

== hustlefund (183 missing) ==
  filled 5/183
    + Cyber Sierra: AI Analysts that execute gap assessments, vendor reviews, and evidence auditing end-to-end… [clearbit:site_meta:cybersierra.co]
    + Elfie: The first free app that rewards you for monitoring your health. Chronic disease prevention… [clearbit:site_meta:elfie.co]

== generalcatalyst (80 missing) ==
  filled 0/80

== norwest (65 missing) ==
  filled 0/65

== svangel (8 missing) ==
  filled 0/8

== m12 (18 missing) ==
  filled 0/18

== entreecapital (19 missing) ==
  filled 0/19

== resoluteventures (26 missing) ==
  filled 1/26
    + MOSHN: Live city intelligence: heat, forecasts, rankings, and one recommendation that fits your n… [clearbit:site_meta:moshn.ai]

== titaniumventures (23 missing) ==
  filled 0/23

== signalfire (8 missing) ==
  filled 0/8

== meritech (5 missing) ==
  filled 0/5

== capitalg (2 missing) ==
  filled 0/2

== whitestarcapital (6 missing) ==
  filled 0/6

== blockchaincapital (20 missing) ==
  filled 0/20

== greatoaksventurecapital (21 missing) ==
  filled 0/21

== a16z (20 missing) ==
  filled 0/20

== bessemer (2 missing) ==
  filled 1/2
    + GlossGenius: Save time and earn more with GlossGenius. Manage scheduling, process payments, get AI tool… [clearbit:site_meta:glossgenius.com]

== bullpencapital (1 missing) ==
  filled 0/1

== canaan (4 missing) ==
  filled 0/4

== floodgate (2 missing) ==
  filled 0/2

== foundrygroup (4 missing) ==
  filled 0/4

== greylock (1 missing) ==
  filled 0/1

== index (3 missing) ==
  filled 0/3

== iriscapital (1 missing) ==
  filled 0/1

== mosaicventures (4 missing) ==
  filled 2/4
    + Team: Discover the team behind Mosaic Ventures, featuring industry-leading partners and advisors… [site_meta:mosaicventures.com]
    + Alibaba: Find quality Manufacturers, Suppliers, Exporters, Importers, Buyers, Wholesalers, Products… [site_meta:alibaba.com]

== mucker (2 missing) ==
  filled 1/2
    + Mucker Capital: Map multiple locations, get transit/walking/driving directions, view live traffic conditio… [site_meta:bing.com]

== notioncapital (1 missing) ==
  filled 0/1

== projecta (1 missing) ==
  filled 0/1

== propelventurepartners (2 missing) ==
  filled 0/2

== rre (1 missing) ==
  filled 0/1

== sapphire (2 missing) ==
  filled 0/2

== serenaventures (1 missing) ==
  filled 0/1

== targetglobal (1 missing) ==
  filled 0/1

== threshold (1 missing) ==
  filled 0/1

== trueventures (10 missing) ==
  filled 0/10

== venrock (1 missing) ==
  filled 0/1

== wingvc (1 missing) ==
  filled 1/1
    + Jasper: Scale faster, operate smarter and more cost effectively, and protect your network effortle… [site_meta:cisco.com]

AFTER all: total=22126 miss=1547 cov=93.01%
Filled: 13
Wrote /workspace/vc-comp-me/artifacts/fill_descriptions_web_report.json
