  modals 50/345
[23/329] ArthurAI -> https://www.indexventures.com/companies/arthurai/
  [40/174] Color -> industries=['Life Sciences'] stage=None
  [41/174] Commure -> industries=['Healthcare'] stage='Series C+'
[24/329] Ascend -> https://www.indexventures.com/companies/ascend/
  [42/174] Coram.ai -> industries=['Smart Enterprise'] stage='Seed'
[25/329] Astelia -> https://www.indexventures.com/companies/astelia/
  [43/174] Create -> industries=[] stage=None
[26/329] Atlantic Money -> https://www.indexventures.com/companies/atlantic-money/
  [44/174] CX2 -> industries=['Government & Defense'] stage='Seed'
[27/329] Atlar -> https://www.indexventures.com/companies/atlar/
  [45/174] DataHub -> industries=['IT Infrastructure'] stage=None
[28/329] AttackIQ -> https://www.indexventures.com/companies/attackiq/
  [46/174] DayDream -> industries=[] stage=None
  [47/174] Dealpath -> industries=['Smart Enterprise'] stage=None
[29/329] Augment -> https://www.indexventures.com/companies/augment/
  [48/174] Deliverr -> industries=['Logistics'] stage='Exited'
[30/329] Aurora -> https://www.indexventures.com/companies/aurora/
  [49/174] Digital Diagnostics -> industries=['Healthcare'] stage=None
[31/329] Auxmoney -> https://www.indexventures.com/companies/auxmoney/
  [50/174] Digital Surgery -> industries=['Healthcare'] stage=None
[32/329] Backbone -> https://www.indexventures.com/companies/backbone/
  [51/174] Dren Bio -> industries=['Life Sciences'] stage='Series B'
[33/329] BallerTV -> https://www.indexventures.com/companies/ballertv/
  [52/174] Edra -> industries=['AI'] stage=None
[34/329] Beam -> https://www.indexventures.com/companies/beam/
  [53/174] Elemy -> industries=['Healthcare'] stage=None
  [54/174] Enclave -> industries=[] stage=None
[35/329] Beamery -> https://www.indexventures.com/companies/beamery/
  [55/174] Epirus -> industries=['Government & Defense'] stage='Series C+'
[36/329] Beauty Pie -> https://www.indexventures.com/companies/beauty-pie/
  [56/174] Esper -> industries=['Government & Defense'] stage='Series A'
[37/329] Because -> https://www.indexventures.com/companies/because/
  [57/174] Fabrion -> industries=[] stage=None
[38/329] Behavox -> https://www.indexventures.com/companies/behavox/
  [58/174] Fieldguide -> industries=['Smart Enterprise'] stage='Series A'
  [59/174] Fig.1 -> industries=['Consumer'] stage='Series A'
[39/329] Beside -> https://www.indexventures.com/companies/beside/
  [60/174] Flexport -> industries=['Logistics'] stage='Series C+'
[40/329] Bigger Games -> https://www.indexventures.com/companies/bigger-games/
  [61/174] Flux -> industries=[] stage=None
[41/329] Big Health -> https://www.indexventures.com/companies/big-health/
  [62/174] Flywheel -> industries=['AI'] stage='Series C+'
[42/329] Bird -> https://www.indexventures.com/companies/bird/
  [63/174] Forethought -> industries=['AI'] stage=None
[43/329] Birdie -> https://www.indexventures.com/companies/birdie/
  [64/174] Fractal -> industries=[] stage='Series B'
  [65/174] Freight Waves -> industries=['Logistics'] stage=None
[44/329] BIT ODD -> https://www.indexventures.com/companies/bit-odd/
  [66/174] Galileo -> industries=['Healthcare'] stage='Series C+'
[45/329] BitPay -> https://www.indexventures.com/companies/bitpay/
  [67/174] Gallatin AI -> industries=['Government & Defense'] stage=None
[46/329] BlaBlaCar -> https://www.indexventures.com/companies/blablacar/
  [68/174] Gatsby -> industries=['Smart Enterprise'] stage='Seed'
[47/329] Bloom & Wild -> https://www.indexventures.com/companies/bloom-wild/
  [69/174] Generalist -> industries=['AI'] stage=None
[48/329] Boulevard -> https://www.indexventures.com/companies/boulevard/
  [70/174] Glimpse -> industries=[] stage=None
  [71/174] Guardant Health -> industries=['Life Sciences'] stage=None
[49/329] BrightGo -> https://www.indexventures.com/companies/brightgo/
  [72/174] Halo Health -> industries=[] stage=None
[50/329] BrightHire -> https://www.indexventures.com/companies/brighthire/
  [73/174] Harbor Health -> industries=['Healthcare'] stage='Series A'
  ... 25/156
[51/329] BRINC -> https://www.indexventures.com/companies/brinc/
  [74/174] HDVI -> industries=['Logistics'] stage='Series B'
[52/329] Build -> https://www.indexventures.com/companies/build/
  [75/174] Hearth -> industries=['Financial Services'] stage='Series B'
[53/329] Built -> https://www.indexventures.com/companies/built/
  [76/174] Hello Patient -> industries=[] stage=None
  [77/174] Hill House -> industries=['Consumer'] stage='Series B'
[54/329] Capitolis -> https://www.indexventures.com/companies/capitolis/
  [78/174] Hims -> industries=['Consumer'] stage='Exited'
[55/329] cargo.one -> https://www.indexventures.com/companies/cargoone/
  [79/174] Hive -> industries=['AI'] stage=None
[56/329] Cartesia -> https://www.indexventures.com/companies/cartesia/
  [80/174] Honor -> industries=['Healthcare'] stage='Series C+'
[57/329] Castle -> https://www.indexventures.com/companies/castle/
  [81/174] Hopscotch -> industries=['Healthcare'] stage='Series B'
  modals 100/345
[58/329] Catch -> https://www.indexventures.com/companies/catch/
  [82/174] Illumio -> industries=['IT Infrastructure'] stage=None
  [83/174] Indigov -> industries=['Government & Defense'] stage=None
[59/329] Causaly -> https://www.indexventures.com/companies/causaly/
  [84/174] Indio -> industries=['Financial Services'] stage='Exited'
[60/329] Chai Discovery -> https://www.indexventures.com/companies/chai-discovery/
  [85/174] Infra -> industries=['IT Infrastructure'] stage=None
[61/329] Check -> https://www.indexventures.com/companies/checkhq/
  [86/174] Joby -> industries=['Logistics'] stage=None
[62/329] CipherCloud -> https://www.indexventures.com/companies/ciphercloud/
  [87/174] Keycare -> industries=['Healthcare'] stage='Series A'
  [88/174] Kojo -> industries=['Smart Enterprise'] stage='Series C+'
[63/329] Citymapper -> https://www.indexventures.com/companies/citymapper/
  [89/174] Kos -> industries=[] stage=None
[64/329] Class Companion -> https://www.indexventures.com/companies/class-companion/
  [90/174] Latent Labs -> industries=[] stage=None
[65/329] ClickHouse -> https://www.indexventures.com/companies/clickhouse/
  [91/174] Latus Bio -> industries=[] stage=None
[66/329] Clumio -> https://www.indexventures.com/companies/clumio/
  [92/174] Lightbeam.AI -> industries=['AI'] stage=None
[67/329] Coalition -> https://www.indexventures.com/companies/coalition/
  [93/174] Lighten -> industries=[] stage=None
  [94/174] Loop -> industries=['Logistics'] stage='Series B'
[68/329] Cockroach Labs -> https://www.indexventures.com/companies/cockroach-labs/
  [95/174] Luminary -> industries=[] stage='Seed'
[69/329] Cocoon -> https://www.indexventures.com/companies/cocoon/
  [96/174] Luminate -> industries=[] stage=None
[70/329] Codat -> https://www.indexventures.com/companies/codat/
  [97/174] Luna -> industries=['Healthcare'] stage=None
[71/329] Codecademy -> https://www.indexventures.com/companies/codecademy/
  [98/174] Mammoth Biosciences -> industries=['Life Sciences'] stage=None
[72/329] CodeSignal, Inc. -> https://www.indexventures.com/companies/codesignal-inc/
  [99/174] Materialize -> industries=[] stage=None
[73/329] Cohere -> https://www.indexventures.com/companies/cohere-inc/
  [100/174] Mendra -> industries=[] stage=None
  [101/174] MeritFirst -> industries=[] stage=None
[74/329] Collibra -> https://www.indexventures.com/companies/collibra/
  [102/174] Mindbloom -> industries=['Healthcare'] stage='Series B'
[75/329] Common Room -> https://www.indexventures.com/companies/common-room/
  [103/174] Model Medicines -> industries=['Life Sciences'] stage=None
[76/329] ComplyAdvantage -> https://www.indexventures.com/companies/complyadvantage/
  [104/174] NewLimit -> industries=[] stage=None
[77/329] Conduct -> https://www.indexventures.com/companies/conduct/
  [105/174] Nile -> industries=['IT Infrastructure'] stage='Series C+'
  [106/174] Nimbus Health -> industries=['Healthcare'] stage=None
[78/329] Confluent -> https://www.indexventures.com/companies/confluent/
  [107/174] Nyansa -> industries=['IT Infrastructure'] stage='Exited'
[79/329] Cord -> https://www.indexventures.com/companies/cord/
  [108/174] Nylas -> industries=['IT Infrastructure'] stage=None
[80/329] Covariant.ai -> https://www.indexventures.com/companies/covariantai/
  [109/174] Octant -> industries=['Life Sciences'] stage='Series B'
[81/329] Cowboy -> https://www.indexventures.com/companies/cowboy/
  [110/174] Oculus -> industries=['Consumer'] stage=None
  [111/174] Opencare -> industries=['Consumer'] stage='Series A'
[82/329] Cowboy Space -> https://www.indexventures.com/companies/aetherflux/
  [112/174] OpenGov -> industries=['Government & Defense'] stage='Exited'
[83/329] Cradle -> https://www.indexventures.com/companies/cradlebio/
  [113/174] Opto -> industries=['Financial Services'] stage='Series A'
[84/329] Creative Juice -> https://www.indexventures.com/companies/creative-juice/
  [114/174] Orca Bio -> industries=['Life Sciences'] stage='Series C+'
[85/329] Credit Benchmark -> https://www.indexventures.com/companies/credit-benchmark/
  [115/174] Orchestra -> industries=[] stage=None
[86/329] Crosby -> https://www.indexventures.com/companies/crosby/
  [116/174] Oscar -> industries=['Healthcare'] stage=None
  [117/174] Oula -> industries=['Healthcare'] stage='Series A'
[87/329] Crossing Minds -> https://www.indexventures.com/companies/crossing-minds/
  [118/174] Our Place -> industries=['Consumer'] stage=None
[88/329] Culture Amp -> https://www.indexventures.com/companies/culture-amp/
  [119/174] Outrider -> industries=['Logistics'] stage='Series C+'
[89/329] Curtsy -> https://www.indexventures.com/companies/curtsy/
  [120/174] Outset -> industries=[] stage=None
[90/329] Cutover -> https://www.indexventures.com/companies/cutover/
  [121/174] Overland AI -> industries=['Government & Defense'] stage=None
  modals 150/345
[91/329] Datadog -> https://www.indexventures.com/companies/datadog/
  [122/174] Palantir -> industries=['Government & Defense'] stage='Exited'
[92/329] DataSnipper -> https://www.indexventures.com/companies/datasnipper/
  [123/174] PathAI -> industries=['AI', 'Healthcare'] stage='Series C+'
  [124/174] Platform Science -> industries=['Logistics'] stage='Series C+'
[93/329] Daydream -> https://www.indexventures.com/companies/daydream/
  [125/174] PointOne -> industries=[] stage=None
[94/329] Decagon -> https://www.indexventures.com/companies/decagon/
  [126/174] Polly -> industries=['Financial Services'] stage='Series B'
[95/329] DeepL -> https://www.indexventures.com/companies/deepl/
  [127/174] Ponder -> industries=['AI'] stage='Exited'
[96/329] Deepnote -> https://www.indexventures.com/companies/deepnote/
  [128/174] Project44 -> industries=['Logistics'] stage='Series C+'
[97/329] DeepScribe -> https://www.indexventures.com/companies/deepscribe-inc/
  [129/174] Promise -> industries=['Government & Defense'] stage=None
[98/329] Deliveroo -> https://www.indexventures.com/companies/deliveroo/
  [130/174] Qualia -> industries=['Financial Services'] stage=None
  [131/174] Quince -> industries=[] stage=None
[99/329] /dev/agents -> https://www.indexventures.com/companies/devagents/
  [132/174] Rainbow -> industries=['Financial Services'] stage=None
[100/329] Discord -> https://www.indexventures.com/companies/discord/
  [133/174] Ramp -> industries=['Financial Services'] stage='Growth'
[101/329] Dorsia -> https://www.indexventures.com/companies/dorsia/
  [134/174] RelateIQ -> industries=['Smart Enterprise'] stage=None
[102/329] Dot Product -> https://www.indexventures.com/companies/dot-product/
  [135/174] Reserv -> industries=['Financial Services'] stage=None
[103/329] Double -> https://www.indexventures.com/companies/double/
  [136/174] Resilience -> industries=['Life Sciences'] stage='Series C+'
[104/329] DraftWise -> https://www.indexventures.com/companies/draftwise/
  [137/174] Ritten -> industries=['Healthcare'] stage='Series A'
  [138/174] Rocketlane -> industries=['Smart Enterprise'] stage='Series A'
[105/329] Dream Games -> https://www.indexventures.com/companies/dream-games/
  [139/174] Sable -> industries=[] stage=None
[106/329] Duffel -> https://www.indexventures.com/companies/duffel/
  [140/174] Saris -> industries=['Financial Services'] stage=None
wrote 107 companies -> /workspace/vc-comp-me/artifacts/rescrape_tmp/mucker_companies.json
  description: 103/107
  company_url: 86/107
  everywhere_tags: 84/107 tagged
