  [OK] ribbit: {'slug': 'ribbit', 'ok': True, 'n': 155, 'with_desc': 0, 'sec': 0.3}
Fetching page 1 -> https://rre.com/portfolio?79e6a7d8_page=1
[145/329] Harmonic -> https://www.indexventures.com/companies/harmonic/
[146/329] Hebbia -> https://www.indexventures.com/companies/hebbiaai/
Fetching page 2 -> https://rre.com/portfolio?79e6a7d8_page=2
[147/329] Hoop -> https://www.indexventures.com/companies/hoop/
Fetching page 3 -> https://rre.com/portfolio?79e6a7d8_page=3
[148/329] Humanloop -> https://www.indexventures.com/companies/humanloop/
[149/329] Humu -> https://www.indexventures.com/companies/humu/
Fetching page 4 -> https://rre.com/portfolio?79e6a7d8_page=4
[150/329] Hutch Games -> https://www.indexventures.com/companies/hutch-games/
Fetching page 5 -> https://rre.com/portfolio?79e6a7d8_page=5
[151/329] Hyperline -> https://www.indexventures.com/companies/hyperline/
Fetching page 6 -> https://rre.com/portfolio?79e6a7d8_page=6
[152/329] Ideogram AI -> https://www.indexventures.com/companies/ideogram-ai/
[153/329] Immersive Gamebox -> https://www.indexventures.com/companies/immersive-gamebox/
Fetching page 7 -> https://rre.com/portfolio?79e6a7d8_page=7
[154/329] incident.io -> https://www.indexventures.com/companies/incident/
Fetching page 8 -> https://rre.com/portfolio?79e6a7d8_page=8
[155/329] Ineffable -> https://www.indexventures.com/companies/ineffable/
Fetching page 9 -> https://rre.com/portfolio?79e6a7d8_page=9
[156/329] Inherent -> https://www.indexventures.com/companies/inherent/
[157/329] Instabase -> https://www.indexventures.com/companies/instabase/
Fetching page 10 -> https://rre.com/portfolio?79e6a7d8_page=10
  modals 250/345
[158/329] Intelligence -> https://www.indexventures.com/companies/arcada/
Fetching page 11 -> https://rre.com/portfolio?79e6a7d8_page=11
  ... 75/156
[159/329] Intercom -> https://www.indexventures.com/companies/intercom/
Fetching page 12 -> https://rre.com/portfolio?79e6a7d8_page=12
[160/329] Iterable -> https://www.indexventures.com/companies/iterable/

Wrote 27 companies -> /workspace/vc-comp-me/artifacts/rescrape_tmp/parkway_companies.json
  description        missing: 15/27
  tagline            missing: 26/27
  company_url        missing: 17/27
  case_study_url     missing: 6/27
  logo_url           missing: 0/27
  founded_year       missing: 26/27
  sectors empty:     0/27
  deal-team empty:   15/27
  by stage: {'Completed': 16, 'Exited': 11}
  untagged:          2/27 -> ['x.ai', 'Onscale']
  by everywhere_tag:
     10  Deeptech / Robotics / AR/VR
      4  FinTech / Insurance
      4  Health
      4  PropTech
      2  Transportation / Mobility
      1  Dev Tools / Cloud
      1  Data & Analytics
      1  Climate / Sustainability
      1  Consumer
      1  BioTech
