Fetching https://svangel.com/portfolio

Wrote 252 companies -> /workspace/vc-comp-me/artifacts/rescrape_tmp/rre_companies.json
By status: {'Active': 176, 'Acquired': 63, 'Public': 13} | with acquirer: 60 | with ticker: 13
With website: 252 | with description: 251 | with founded: 238 | with RRE-invested: 250 | with HQ: 5 | untagged: 6
By RRE category:
   115  Enterprise/Saas
    73  CONSUMER
    68  Fintech
    50  AI
    31  Media
    28  Hardware
    23  Crypto
    23  Healthcare
    17  Featured
     7  Robotics
     6  Space
By everywhere_tag:
    84  Consumer
    75  FinTech / Insurance
    40  Gaming / Media / Entertainment
    39  Dev Tools / Cloud
    37  Deeptech / Robotics / AR/VR
    26  Web3 / Crypto
    25  Health
    23  Cybersecurity
    22  Data & Analytics
    19  Future of Work
    10  Transportation / Mobility
    10  Logistics / Supply Chain
     7  Climate / Sustainability
     4  CPG
     4  PropTech
     3  BioTech
     3  RegTech/Gov/Legal
